// Jest Snapshot v1, https://goo.gl/fbAQLP

exports[`Input Tests renders correctly 1`] = `
<TextInput
  onChangeText={[Function]}
  style={
    Array [
      Object {
        "backgroundColor": "#FFFFFF",
        "borderColor": "#000000",
        "borderRadius": 10,
        "borderStyle": "solid",
        "borderWidth": 1,
        "fontSize": 18,
        "height": 50,
        "marginBottom": 2,
        "marginLeft": 2,
        "marginRight": 2,
        "marginTop": 2,
        "paddingBottom": 10,
        "paddingLeft": 10,
        "paddingRight": 10,
        "paddingTop": 10,
        "width": "100%",
      },
    ]
  }
/>
`;
